Arabella2@DESKTOP-AKHN3AA MINGW64 ~
$ echo "hello world"
hello world

Arabella2@DESKTOP-AKHN3AA MINGW64 ~
$ cd lab-bash

Arabella2@DESKTOP-AKHN3AA MINGW64 ~/lab-bash (master)
$ ls
exercices/  inputs/  lorem/  lorem-copy/  outputs/  readme.md

Arabella2@DESKTOP-AKHN3AA MINGW64 ~/lab-bash (master)
$ mkdir new_dir

Arabella2@DESKTOP-AKHN3AA MINGW64 ~/lab-bash (master)
$ rmdir new_dir

Arabella2@DESKTOP-AKHN3AA MINGW64 ~/lab-bash (master)
$ cd lorem/

Arabella2@DESKTOP-AKHN3AA MINGW64 ~/lab-bash/lorem (master)
$ cp sed.txt ~/lab-bash/lorem-copy

Arabella2@DESKTOP-AKHN3AA MINGW64 ~/lab-bash/lorem (master)
$ cp * ~/lab-bash/lorem-copy

Arabella2@DESKTOP-AKHN3AA MINGW64 ~/lab-bash/lorem (master)
$ git show :lorem/sed.txt
Sed ut perspiciatis unde omnis iste natus error sit voluptatem accusantium doloremque laudantium,
totam rem aperiam, eaque ipsa quae ab illo inventore veritatis et quasi architecto beatae vitae dicta sunt explicabo.
Nemo enim ipsam voluptatem quia voluptas sit aspernatur aut odit aut fugit,
sed quia consequuntur magni dolores eos qui ratione voluptatem sequi nesciunt.
Neque porro quisquam est, qui dolorem ipsum quia dolor sit amet, consectetur, adipisci velit,
sed quia non numquam eius modi tempora incidunt ut labore et dolore magnam aliquam quaerat voluptatem.
Ut enim ad minima veniam, quis nostrum exercitationem ullam corporis suscipit laboriosam,
nisi ut aliquid ex ea commodi consequatur? Quis autem vel eum iure reprehenderit qui in ea voluptate velit esse quam nihil molestiae consequatur,
vel illum qui dolorem eum fugiat quo voluptas nulla pariatur?Homo homini lupus

Arabella2@DESKTOP-AKHN3AA MINGW64 ~/lab-bash/lorem (master)
$ git show :lorem/at.txt
At vero eos ET accusamus ET iusto odio dignissimos ducimus qui blanditiis praesentium voluptatum
deleniti atque corrupti quos dolores ET quas molestias excepturi sint occaecati cupiditate non
provident, similique sunt in culpa qui officia deserunt mollitia animi, id est laborum ET dolorum fuga.
Et harum quidem rerum facilis est ET expedita distinctio.
Nam libero tempore, cum soluta nobis est eligendi optio cumque nihil impedit quo minus id quod
maxime placeat facere possimus, omnis voluptas assumenda est, omnis dolor repellendus.
Temporibus autem quibusdam ET aut officiis debitis aut rerum necessitatibus saepe eveniET
ut ET voluptates repudiandae sint ET molestiae non recusandae.
Itaque earum rerum hic tenETur a sapiente delectus, ut aut reiciendis voluptatibus maiores
alias consequatur aut perferendis doloribus asperiores repellat

Arabella2@DESKTOP-AKHN3AA MINGW64 ~/lab-bash/lorem (master)
$ git show :lorem/lorem.txt
Lorem ipsum dolor sit amet, consectetur adipiscing elit, sed do eiusmod tempor incididunt ut labore et dolore magna aliqua.
Ut enim ad minim veniam, quis nostrud exercitation ullamco laboris nisi ut aliquip ex ea commodo consequat.
Duis aute irure dolor in reprehenderit in voluptate velit esse cillum dolore eu fugiat nulla pariatur.
Excepteur sint occaecat cupidatat non proident, sunt in culpa qui officia deserunt mollit anim id est laborum.

Arabella2@DESKTOP-AKHN3AA MINGW64 ~/lab-bash/lorem (master)
$ cat at.txt lorem.txt
At vero eos ET accusamus ET iusto odio dignissimos ducimus qui blanditiis praesentium voluptatum
deleniti atque corrupti quos dolores ET quas molestias excepturi sint occaecati cupiditate non
provident, similique sunt in culpa qui officia deserunt mollitia animi, id est laborum ET dolorum fuga.
Et harum quidem rerum facilis est ET expedita distinctio.
Nam libero tempore, cum soluta nobis est eligendi optio cumque nihil impedit quo minus id quod
maxime placeat facere possimus, omnis voluptas assumenda est, omnis dolor repellendus.
Temporibus autem quibusdam ET aut officiis debitis aut rerum necessitatibus saepe eveniET
ut ET voluptates repudiandae sint ET molestiae non recusandae.
Itaque earum rerum hic tenETur a sapiente delectus, ut aut reiciendis voluptatibus maiores
alias consequatur aut perferendis doloribus asperiores repellat
Lorem ipsum dolor sit amet, consectetur adipiscing elit, sed do eiusmod tempor incididunt ut labore et dolore magna aliqua.
Ut enim ad minim veniam, quis nostrud exercitation ullamco laboris nisi ut aliquip ex ea commodo consequat.
Duis aute irure dolor in reprehenderit in voluptate velit esse cillum dolore eu fugiat nulla pariatur.
Excepteur sint occaecat cupidatat non proident, sunt in culpa qui officia deserunt mollit anim id est laborum.


Arabella2@DESKTOP-AKHN3AA MINGW64 ~/lab-bash/lorem (master)
$ cd ~/lab-bash/lorem-copy

Arabella2@DESKTOP-AKHN3AA MINGW64 ~/lab-bash/lorem-copy (master)
$ head -3 sed.txt
Sed ut perspiciatis unde omnis iste natus error sit voluptatem accusantium doloremque laudantium,
totam rem aperiam, eaque ipsa quae ab illo inventore veritatis et quasi architecto beatae vitae dicta sunt explicabo.
Nemo enim ipsam voluptatem quia voluptas sit aspernatur aut odit aut fugit,

Arabella2@DESKTOP-AKHN3AA MINGW64 ~/lab-bash/lorem-copy (master)
$ tail -3 sed.txt
Ut enim ad minima veniam, quis nostrum exercitationem ullam corporis suscipit laboriosam,
nisi ut aliquid ex ea commodi consequatur? Quis autem vel eum iure reprehenderit qui in ea voluptate velit esse quam nihil molestiae consequatur,
vel illum qui dolorem eum fugiat quo voluptas nulla pariatur?Homo homini lupus


Arabella2@DESKTOP-AKHN3AA MINGW64 ~/lab-bash/lorem-copy (master)
$ tail -3 sed.txt
nisi ut aliquid ex ea commodi consequatur? Quis autem vel eum iure reprehenderit qui in ea voluptate velit esse quam nihil molestiae consequatur,
vel illum qui dolorem eum fugiat quo voluptas nulla pariatur Homo homini lupus
Homo homini lupus.

Arabella2@DESKTOP-AKHN3AA MINGW64 ~/lab-bash/lorem (master)
$ sed 's/et/ET/' at.txt
At vero eos ET accusamus ET iusto odio dignissimos ducimus qui blanditiis praesentium voluptatum
deleniti atque corrupti quos dolores ET quas molestias excepturi sint occaecati cupiditate non
provident, similique sunt in culpa qui officia deserunt mollitia animi, id est laborum ET dolorum fuga.
Et harum quidem rerum facilis est ET expedita distinctio.
Nam libero tempore, cum soluta nobis est eligendi optio cumque nihil impedit quo minus id quod
maxime placeat facere possimus, omnis voluptas assumenda est, omnis dolor repellendus.
Temporibus autem quibusdam ET aut officiis debitis aut rerum necessitatibus saepe eveniET
ut ET voluptates repudiandae sint ET molestiae non recusandae.
Itaque earum rerum hic tenETur a sapiente delectus, ut aut reiciendis voluptatibus maiores
alias consequatur aut perferendis doloribus asperiores repellat

Arabella2@DESKTOP-AKHN3AA MINGW64 ~/lab-bash/lorem (master)
$ whoami
Arabella2


Arabella2@DESKTOP-AKHN3AA MINGW64 ~/lab-bash/lorem (master)
$ pwd
/c/Users/Arabella2/lab-bash/lorem

Arabella2@DESKTOP-AKHN3AA MINGW64 ~/lab-bash/lorem (master)
$ find . -type f -name '*.txt'
./at.txt
./lorem.txt
./sed.txt


Arabella2@DESKTOP-AKHN3AA MINGW64 ~/lab-bash/lorem (master)
$ wc -l sed.txt
9 sed.txt

Arabella2@DESKTOP-AKHN3AA MINGW64 ~/lab-bash (master)
$ ls lorem* | wc -l
12








